C:/Users/matte/Documents/embedded_AI/Projet_Maintenance_Predictive/bonus/MnistTouchscreen/Src/main.c:83:5:main	8	static
C:/Users/matte/Documents/embedded_AI/Projet_Maintenance_Predictive/bonus/MnistTouchscreen/Src/main.c:109:13:DrawUI	8	static
C:/Users/matte/Documents/embedded_AI/Projet_Maintenance_Predictive/bonus/MnistTouchscreen/Src/main.c:138:13:MnistTouchscreen_Process	80	static
C:/Users/matte/Documents/embedded_AI/Projet_Maintenance_Predictive/bonus/MnistTouchscreen/Src/main.c:238:13:UpdateGrid	48	static
C:/Users/matte/Documents/embedded_AI/Projet_Maintenance_Predictive/bonus/MnistTouchscreen/Src/main.c:266:13:UpdateGridLine	64	static
C:/Users/matte/Documents/embedded_AI/Projet_Maintenance_Predictive/bonus/MnistTouchscreen/Src/main.c:293:13:ClearCanvas	8	static
C:/Users/matte/Documents/embedded_AI/Projet_Maintenance_Predictive/bonus/MnistTouchscreen/Src/main.c:313:13:RunInference	64	static
C:/Users/matte/Documents/embedded_AI/Projet_Maintenance_Predictive/bonus/MnistTouchscreen/Src/main.c:375:13:DisplayResult	64	static
C:/Users/matte/Documents/embedded_AI/Projet_Maintenance_Predictive/bonus/MnistTouchscreen/Src/main.c:414:6:SystemClock_Config	104	static
C:/Users/matte/Documents/embedded_AI/Projet_Maintenance_Predictive/bonus/MnistTouchscreen/Src/main.c:457:6:SystemHardwareInit	24	static
C:/Users/matte/Documents/embedded_AI/Projet_Maintenance_Predictive/bonus/MnistTouchscreen/Src/main.c:494:6:HAL_GPIO_EXTI_Callback	16	static
C:/Users/matte/Documents/embedded_AI/Projet_Maintenance_Predictive/bonus/MnistTouchscreen/Src/main.c:509:6:Mfx_Event	24	static
C:/Users/matte/Documents/embedded_AI/Projet_Maintenance_Predictive/bonus/MnistTouchscreen/Src/main.c:556:6:Error_Handler	8	static
C:/Users/matte/Documents/embedded_AI/Projet_Maintenance_Predictive/bonus/MnistTouchscreen/Src/main.c:562:6:BSP_ErrorHandler	8	static
C:/Users/matte/Documents/embedded_AI/Projet_Maintenance_Predictive/bonus/MnistTouchscreen/Src/main.c:568:6:Dimming_Timer_Enable	248	static
C:/Users/matte/Documents/embedded_AI/Projet_Maintenance_Predictive/bonus/MnistTouchscreen/Src/main.c:600:6:HAL_RTCEx_WakeUpTimerEventCallback	16	static
C:/Users/matte/Documents/embedded_AI/Projet_Maintenance_Predictive/bonus/MnistTouchscreen/Src/main.c:633:13:Timer_Init	24	static
C:/Users/matte/Documents/embedded_AI/Projet_Maintenance_Predictive/bonus/MnistTouchscreen/Src/main.c:646:6:HAL_TIM_Base_MspInit	24	static
C:/Users/matte/Documents/embedded_AI/Projet_Maintenance_Predictive/bonus/MnistTouchscreen/Src/main.c:653:6:HAL_TIM_PeriodElapsedCallback	24	static
