C:/Users/matte/Documents/embedded_AI/Projet_Maintenance_Predictive/bonus/MnistTouchscreen/Src/main.c:83:5:main	2
C:/Users/matte/Documents/embedded_AI/Projet_Maintenance_Predictive/bonus/MnistTouchscreen/Src/main.c:109:13:DrawUI	1
C:/Users/matte/Documents/embedded_AI/Projet_Maintenance_Predictive/bonus/MnistTouchscreen/Src/main.c:138:13:MnistTouchscreen_Process	17
C:/Users/matte/Documents/embedded_AI/Projet_Maintenance_Predictive/bonus/MnistTouchscreen/Src/main.c:238:13:UpdateGrid	8
C:/Users/matte/Documents/embedded_AI/Projet_Maintenance_Predictive/bonus/MnistTouchscreen/Src/main.c:266:13:UpdateGridLine	4
C:/Users/matte/Documents/embedded_AI/Projet_Maintenance_Predictive/bonus/MnistTouchscreen/Src/main.c:293:13:ClearCanvas	2
C:/Users/matte/Documents/embedded_AI/Projet_Maintenance_Predictive/bonus/MnistTouchscreen/Src/main.c:313:13:RunInference	12
C:/Users/matte/Documents/embedded_AI/Projet_Maintenance_Predictive/bonus/MnistTouchscreen/Src/main.c:375:13:DisplayResult	3
C:/Users/matte/Documents/embedded_AI/Projet_Maintenance_Predictive/bonus/MnistTouchscreen/Src/main.c:414:6:SystemClock_Config	4
C:/Users/matte/Documents/embedded_AI/Projet_Maintenance_Predictive/bonus/MnistTouchscreen/Src/main.c:457:6:SystemHardwareInit	7
C:/Users/matte/Documents/embedded_AI/Projet_Maintenance_Predictive/bonus/MnistTouchscreen/Src/main.c:494:6:HAL_GPIO_EXTI_Callback	3
C:/Users/matte/Documents/embedded_AI/Projet_Maintenance_Predictive/bonus/MnistTouchscreen/Src/main.c:509:6:Mfx_Event	9
C:/Users/matte/Documents/embedded_AI/Projet_Maintenance_Predictive/bonus/MnistTouchscreen/Src/main.c:556:6:Error_Handler	1
C:/Users/matte/Documents/embedded_AI/Projet_Maintenance_Predictive/bonus/MnistTouchscreen/Src/main.c:562:6:BSP_ErrorHandler	1
C:/Users/matte/Documents/embedded_AI/Projet_Maintenance_Predictive/bonus/MnistTouchscreen/Src/main.c:568:6:Dimming_Timer_Enable	3
C:/Users/matte/Documents/embedded_AI/Projet_Maintenance_Predictive/bonus/MnistTouchscreen/Src/main.c:600:6:HAL_RTCEx_WakeUpTimerEventCallback	5
C:/Users/matte/Documents/embedded_AI/Projet_Maintenance_Predictive/bonus/MnistTouchscreen/Src/main.c:633:13:Timer_Init	3
C:/Users/matte/Documents/embedded_AI/Projet_Maintenance_Predictive/bonus/MnistTouchscreen/Src/main.c:646:6:HAL_TIM_Base_MspInit	1
C:/Users/matte/Documents/embedded_AI/Projet_Maintenance_Predictive/bonus/MnistTouchscreen/Src/main.c:653:6:HAL_TIM_PeriodElapsedCallback	2
