C:/Users/matte/STM32Cube/Repository/STM32Cube_FW_L4_V1.18.2/Drivers/BSP/STM32L4R9I-Discovery/stm32l4r9i_discovery_sd.c:98:9:BSP_SD_Init	16	static
C:/Users/matte/STM32Cube/Repository/STM32Cube_FW_L4_V1.18.2/Drivers/BSP/STM32L4R9I-Discovery/stm32l4r9i_discovery_sd.c:139:9:BSP_SD_DeInit	16	static
C:/Users/matte/STM32Cube/Repository/STM32Cube_FW_L4_V1.18.2/Drivers/BSP/STM32L4R9I-Discovery/stm32l4r9i_discovery_sd.c:164:9:BSP_SD_ITConfig	8	static
C:/Users/matte/STM32Cube/Repository/STM32Cube_FW_L4_V1.18.2/Drivers/BSP/STM32L4R9I-Discovery/stm32l4r9i_discovery_sd.c:187:9:BSP_SD_IsDetected	16	static
C:/Users/matte/STM32Cube/Repository/STM32Cube_FW_L4_V1.18.2/Drivers/BSP/STM32L4R9I-Discovery/stm32l4r9i_discovery_sd.c:221:9:BSP_SD_ReadBlocks	40	static
C:/Users/matte/STM32Cube/Repository/STM32Cube_FW_L4_V1.18.2/Drivers/BSP/STM32L4R9I-Discovery/stm32l4r9i_discovery_sd.c:245:9:BSP_SD_WriteBlocks	40	static
C:/Users/matte/STM32Cube/Repository/STM32Cube_FW_L4_V1.18.2/Drivers/BSP/STM32L4R9I-Discovery/stm32l4r9i_discovery_sd.c:268:9:BSP_SD_ReadBlocks_DMA	32	static
C:/Users/matte/STM32Cube/Repository/STM32Cube_FW_L4_V1.18.2/Drivers/BSP/STM32L4R9I-Discovery/stm32l4r9i_discovery_sd.c:292:9:BSP_SD_WriteBlocks_DMA	32	static
C:/Users/matte/STM32Cube/Repository/STM32Cube_FW_L4_V1.18.2/Drivers/BSP/STM32L4R9I-Discovery/stm32l4r9i_discovery_sd.c:315:9:BSP_SD_Erase	24	static
C:/Users/matte/STM32Cube/Repository/STM32Cube_FW_L4_V1.18.2/Drivers/BSP/STM32L4R9I-Discovery/stm32l4r9i_discovery_sd.c:338:9:BSP_SD_GetCardState	8	static
C:/Users/matte/STM32Cube/Repository/STM32Cube_FW_L4_V1.18.2/Drivers/BSP/STM32L4R9I-Discovery/stm32l4r9i_discovery_sd.c:348:6:BSP_SD_GetCardInfo	16	static
C:/Users/matte/STM32Cube/Repository/STM32Cube_FW_L4_V1.18.2/Drivers/BSP/STM32L4R9I-Discovery/stm32l4r9i_discovery_sd.c:359:13:BSP_SD_MspInit	272	static
C:/Users/matte/STM32Cube/Repository/STM32Cube_FW_L4_V1.18.2/Drivers/BSP/STM32L4R9I-Discovery/stm32l4r9i_discovery_sd.c:421:13:BSP_SD_MspDeInit	48	static
C:/Users/matte/STM32Cube/Repository/STM32Cube_FW_L4_V1.18.2/Drivers/BSP/STM32L4R9I-Discovery/stm32l4r9i_discovery_sd.c:454:13:BSP_SD_AbortCallback	4	static
C:/Users/matte/STM32Cube/Repository/STM32Cube_FW_L4_V1.18.2/Drivers/BSP/STM32L4R9I-Discovery/stm32l4r9i_discovery_sd.c:463:13:BSP_SD_WriteCpltCallback	4	static
C:/Users/matte/STM32Cube/Repository/STM32Cube_FW_L4_V1.18.2/Drivers/BSP/STM32L4R9I-Discovery/stm32l4r9i_discovery_sd.c:472:13:BSP_SD_ReadCpltCallback	4	static
C:/Users/matte/STM32Cube/Repository/STM32Cube_FW_L4_V1.18.2/Drivers/BSP/STM32L4R9I-Discovery/stm32l4r9i_discovery_sd.c:482:6:HAL_SD_AbortCallback	16	static
C:/Users/matte/STM32Cube/Repository/STM32Cube_FW_L4_V1.18.2/Drivers/BSP/STM32L4R9I-Discovery/stm32l4r9i_discovery_sd.c:492:6:HAL_SD_TxCpltCallback	16	static
C:/Users/matte/STM32Cube/Repository/STM32Cube_FW_L4_V1.18.2/Drivers/BSP/STM32L4R9I-Discovery/stm32l4r9i_discovery_sd.c:502:6:HAL_SD_RxCpltCallback	16	static
