C:/Users/matte/STM32Cube/Repository/STM32Cube_FW_L4_V1.18.2/Drivers/BSP/STM32L4R9I-Discovery/stm32l4r9i_discovery_lcd.c:176:9:BSP_LCD_Init	256	static
C:/Users/matte/STM32Cube/Repository/STM32Cube_FW_L4_V1.18.2/Drivers/BSP/STM32L4R9I-Discovery/stm32l4r9i_discovery_lcd.c:564:9:BSP_LCD_DeInit	24	static
C:/Users/matte/STM32Cube/Repository/STM32Cube_FW_L4_V1.18.2/Drivers/BSP/STM32L4R9I-Discovery/stm32l4r9i_discovery_lcd.c:630:10:BSP_LCD_GetXSize	4	static
C:/Users/matte/STM32Cube/Repository/STM32Cube_FW_L4_V1.18.2/Drivers/BSP/STM32L4R9I-Discovery/stm32l4r9i_discovery_lcd.c:639:10:BSP_LCD_GetYSize	4	static
C:/Users/matte/STM32Cube/Repository/STM32Cube_FW_L4_V1.18.2/Drivers/BSP/STM32L4R9I-Discovery/stm32l4r9i_discovery_lcd.c:650:9:BSP_LCD_SelectLayer	24	static
C:/Users/matte/STM32Cube/Repository/STM32Cube_FW_L4_V1.18.2/Drivers/BSP/STM32L4R9I-Discovery/stm32l4r9i_discovery_lcd.c:675:9:BSP_LCD_SetLayerVisible	24	static
C:/Users/matte/STM32Cube/Repository/STM32Cube_FW_L4_V1.18.2/Drivers/BSP/STM32L4R9I-Discovery/stm32l4r9i_discovery_lcd.c:706:9:BSP_LCD_SetTransparency	24	static
C:/Users/matte/STM32Cube/Repository/STM32Cube_FW_L4_V1.18.2/Drivers/BSP/STM32L4R9I-Discovery/stm32l4r9i_discovery_lcd.c:728:9:BSP_LCD_SetColorKeying	24	static
C:/Users/matte/STM32Cube/Repository/STM32Cube_FW_L4_V1.18.2/Drivers/BSP/STM32L4R9I-Discovery/stm32l4r9i_discovery_lcd.c:751:9:BSP_LCD_ResetColorKeying	24	static
C:/Users/matte/STM32Cube/Repository/STM32Cube_FW_L4_V1.18.2/Drivers/BSP/STM32L4R9I-Discovery/stm32l4r9i_discovery_lcd.c:771:6:BSP_LCD_SetTextColor	16	static
C:/Users/matte/STM32Cube/Repository/STM32Cube_FW_L4_V1.18.2/Drivers/BSP/STM32L4R9I-Discovery/stm32l4r9i_discovery_lcd.c:780:10:BSP_LCD_GetTextColor	4	static
C:/Users/matte/STM32Cube/Repository/STM32Cube_FW_L4_V1.18.2/Drivers/BSP/STM32L4R9I-Discovery/stm32l4r9i_discovery_lcd.c:789:6:BSP_LCD_SetBackColor	16	static
C:/Users/matte/STM32Cube/Repository/STM32Cube_FW_L4_V1.18.2/Drivers/BSP/STM32L4R9I-Discovery/stm32l4r9i_discovery_lcd.c:798:10:BSP_LCD_GetBackColor	4	static
C:/Users/matte/STM32Cube/Repository/STM32Cube_FW_L4_V1.18.2/Drivers/BSP/STM32L4R9I-Discovery/stm32l4r9i_discovery_lcd.c:807:6:BSP_LCD_SetFont	16	static
C:/Users/matte/STM32Cube/Repository/STM32Cube_FW_L4_V1.18.2/Drivers/BSP/STM32L4R9I-Discovery/stm32l4r9i_discovery_lcd.c:816:8:BSP_LCD_GetFont	4	static
C:/Users/matte/STM32Cube/Repository/STM32Cube_FW_L4_V1.18.2/Drivers/BSP/STM32L4R9I-Discovery/stm32l4r9i_discovery_lcd.c:827:10:BSP_LCD_ReadPixel	24	static
C:/Users/matte/STM32Cube/Repository/STM32Cube_FW_L4_V1.18.2/Drivers/BSP/STM32L4R9I-Discovery/stm32l4r9i_discovery_lcd.c:843:6:BSP_LCD_Clear	24	static
C:/Users/matte/STM32Cube/Repository/STM32Cube_FW_L4_V1.18.2/Drivers/BSP/STM32L4R9I-Discovery/stm32l4r9i_discovery_lcd.c:854:6:BSP_LCD_ClearStringLine	24	static
C:/Users/matte/STM32Cube/Repository/STM32Cube_FW_L4_V1.18.2/Drivers/BSP/STM32L4R9I-Discovery/stm32l4r9i_discovery_lcd.c:873:6:BSP_LCD_DisplayChar	24	static
C:/Users/matte/STM32Cube/Repository/STM32Cube_FW_L4_V1.18.2/Drivers/BSP/STM32L4R9I-Discovery/stm32l4r9i_discovery_lcd.c:889:6:BSP_LCD_DisplayStringAt	40	static
C:/Users/matte/STM32Cube/Repository/STM32Cube_FW_L4_V1.18.2/Drivers/BSP/STM32L4R9I-Discovery/stm32l4r9i_discovery_lcd.c:951:6:BSP_LCD_DisplayStringAtLine	16	static
C:/Users/matte/STM32Cube/Repository/STM32Cube_FW_L4_V1.18.2/Drivers/BSP/STM32L4R9I-Discovery/stm32l4r9i_discovery_lcd.c:962:6:BSP_LCD_DrawHLine	48	static
C:/Users/matte/STM32Cube/Repository/STM32Cube_FW_L4_V1.18.2/Drivers/BSP/STM32L4R9I-Discovery/stm32l4r9i_discovery_lcd.c:979:6:BSP_LCD_DrawVLine	40	static
C:/Users/matte/STM32Cube/Repository/STM32Cube_FW_L4_V1.18.2/Drivers/BSP/STM32L4R9I-Discovery/stm32l4r9i_discovery_lcd.c:997:6:BSP_LCD_DrawLine	56	static
C:/Users/matte/STM32Cube/Repository/STM32Cube_FW_L4_V1.18.2/Drivers/BSP/STM32L4R9I-Discovery/stm32l4r9i_discovery_lcd.c:1071:6:BSP_LCD_DrawRect	24	static
C:/Users/matte/STM32Cube/Repository/STM32Cube_FW_L4_V1.18.2/Drivers/BSP/STM32L4R9I-Discovery/stm32l4r9i_discovery_lcd.c:1088:6:BSP_LCD_DrawCircle	40	static
C:/Users/matte/STM32Cube/Repository/STM32Cube_FW_L4_V1.18.2/Drivers/BSP/STM32L4R9I-Discovery/stm32l4r9i_discovery_lcd.c:1134:6:BSP_LCD_DrawPolygon	32	static
C:/Users/matte/STM32Cube/Repository/STM32Cube_FW_L4_V1.18.2/Drivers/BSP/STM32L4R9I-Discovery/stm32l4r9i_discovery_lcd.c:1161:6:BSP_LCD_DrawEllipse	64	static
C:/Users/matte/STM32Cube/Repository/STM32Cube_FW_L4_V1.18.2/Drivers/BSP/STM32L4R9I-Discovery/stm32l4r9i_discovery_lcd.c:1193:6:BSP_LCD_DrawBitmap	48	static
C:/Users/matte/STM32Cube/Repository/STM32Cube_FW_L4_V1.18.2/Drivers/BSP/STM32L4R9I-Discovery/stm32l4r9i_discovery_lcd.c:1253:6:BSP_LCD_FillRect	56	static
C:/Users/matte/STM32Cube/Repository/STM32Cube_FW_L4_V1.18.2/Drivers/BSP/STM32L4R9I-Discovery/stm32l4r9i_discovery_lcd.c:1273:6:BSP_LCD_FillCircle	32	static
C:/Users/matte/STM32Cube/Repository/STM32Cube_FW_L4_V1.18.2/Drivers/BSP/STM32L4R9I-Discovery/stm32l4r9i_discovery_lcd.c:1320:6:BSP_LCD_FillPolygon	64	static
C:/Users/matte/STM32Cube/Repository/STM32Cube_FW_L4_V1.18.2/Drivers/BSP/STM32L4R9I-Discovery/stm32l4r9i_discovery_lcd.c:1387:6:BSP_LCD_FillEllipse	56	static
C:/Users/matte/STM32Cube/Repository/STM32Cube_FW_L4_V1.18.2/Drivers/BSP/STM32L4R9I-Discovery/stm32l4r9i_discovery_lcd.c:1419:6:BSP_LCD_DrawPixel	16	static
C:/Users/matte/STM32Cube/Repository/STM32Cube_FW_L4_V1.18.2/Drivers/BSP/STM32L4R9I-Discovery/stm32l4r9i_discovery_lcd.c:1428:6:BSP_LCD_DisplayOn	16	static
C:/Users/matte/STM32Cube/Repository/STM32Cube_FW_L4_V1.18.2/Drivers/BSP/STM32L4R9I-Discovery/stm32l4r9i_discovery_lcd.c:1441:6:BSP_LCD_DisplayOff	16	static
C:/Users/matte/STM32Cube/Repository/STM32Cube_FW_L4_V1.18.2/Drivers/BSP/STM32L4R9I-Discovery/stm32l4r9i_discovery_lcd.c:1454:6:BSP_LCD_Refresh	16	static
C:/Users/matte/STM32Cube/Repository/STM32Cube_FW_L4_V1.18.2/Drivers/BSP/STM32L4R9I-Discovery/stm32l4r9i_discovery_lcd.c:1467:9:BSP_LCD_IsFrameBufferAvailable	16	static
C:/Users/matte/STM32Cube/Repository/STM32Cube_FW_L4_V1.18.2/Drivers/BSP/STM32L4R9I-Discovery/stm32l4r9i_discovery_lcd.c:1480:6:BSP_LCD_SetBrightness	24	static
C:/Users/matte/STM32Cube/Repository/STM32Cube_FW_L4_V1.18.2/Drivers/BSP/STM32L4R9I-Discovery/stm32l4r9i_discovery_lcd.c:1496:13:BSP_LCD_DMA2D_IRQHandler	8	static
C:/Users/matte/STM32Cube/Repository/STM32Cube_FW_L4_V1.18.2/Drivers/BSP/STM32L4R9I-Discovery/stm32l4r9i_discovery_lcd.c:1505:13:BSP_LCD_DSI_IRQHandler	8	static
C:/Users/matte/STM32Cube/Repository/STM32Cube_FW_L4_V1.18.2/Drivers/BSP/STM32L4R9I-Discovery/stm32l4r9i_discovery_lcd.c:1514:13:BSP_LCD_LTDC_IRQHandler	8	static
C:/Users/matte/STM32Cube/Repository/STM32Cube_FW_L4_V1.18.2/Drivers/BSP/STM32L4R9I-Discovery/stm32l4r9i_discovery_lcd.c:1524:13:BSP_LCD_LTDC_ER_IRQHandler	8	static
C:/Users/matte/STM32Cube/Repository/STM32Cube_FW_L4_V1.18.2/Drivers/BSP/STM32L4R9I-Discovery/stm32l4r9i_discovery_lcd.c:1533:13:BSP_LCD_MspDeInit	80	static
C:/Users/matte/STM32Cube/Repository/STM32Cube_FW_L4_V1.18.2/Drivers/BSP/STM32L4R9I-Discovery/stm32l4r9i_discovery_lcd.c:1579:13:BSP_LCD_MspInit	272	static
C:/Users/matte/STM32Cube/Repository/STM32Cube_FW_L4_V1.18.2/Drivers/BSP/STM32L4R9I-Discovery/stm32l4r9i_discovery_lcd.c:1683:6:HAL_DSI_EndOfRefreshCallback	16	static
C:/Users/matte/STM32Cube/Repository/STM32Cube_FW_L4_V1.18.2/Drivers/BSP/STM32L4R9I-Discovery/stm32l4r9i_discovery_lcd.c:1696:13:LCD_PowerOn	8	static
C:/Users/matte/STM32Cube/Repository/STM32Cube_FW_L4_V1.18.2/Drivers/BSP/STM32L4R9I-Discovery/stm32l4r9i_discovery_lcd.c:1762:13:LCD_PowerOff	8	static
C:/Users/matte/STM32Cube/Repository/STM32Cube_FW_L4_V1.18.2/Drivers/BSP/STM32L4R9I-Discovery/stm32l4r9i_discovery_lcd.c:1789:13:DrawChar	40	static
C:/Users/matte/STM32Cube/Repository/STM32Cube_FW_L4_V1.18.2/Drivers/BSP/STM32L4R9I-Discovery/stm32l4r9i_discovery_lcd.c:1847:13:FillTriangle	56	static
C:/Users/matte/STM32Cube/Repository/STM32Cube_FW_L4_V1.18.2/Drivers/BSP/STM32L4R9I-Discovery/stm32l4r9i_discovery_lcd.c:1924:13:LL_FillBuffer	32	static
C:/Users/matte/STM32Cube/Repository/STM32Cube_FW_L4_V1.18.2/Drivers/BSP/STM32L4R9I-Discovery/stm32l4r9i_discovery_lcd.c:1956:13:LL_ConvertLineToARGB8888	32	static
