C:/Users/matte/STM32Cube/Repository/STM32Cube_FW_L4_V1.18.2/Drivers/BSP/STM32L4R9I-Discovery/stm32l4r9i_discovery_audio.c:293:9:BSP_AUDIO_OUT_Init	24	static
C:/Users/matte/STM32Cube/Repository/STM32Cube_FW_L4_V1.18.2/Drivers/BSP/STM32L4R9I-Discovery/stm32l4r9i_discovery_audio.c:353:9:BSP_AUDIO_OUT_DeInit	16	static
C:/Users/matte/STM32Cube/Repository/STM32Cube_FW_L4_V1.18.2/Drivers/BSP/STM32L4R9I-Discovery/stm32l4r9i_discovery_audio.c:399:9:BSP_AUDIO_OUT_Play	16	static
C:/Users/matte/STM32Cube/Repository/STM32Cube_FW_L4_V1.18.2/Drivers/BSP/STM32L4R9I-Discovery/stm32l4r9i_discovery_audio.c:422:9:BSP_AUDIO_OUT_ChangeBuffer	16	static
C:/Users/matte/STM32Cube/Repository/STM32Cube_FW_L4_V1.18.2/Drivers/BSP/STM32L4R9I-Discovery/stm32l4r9i_discovery_audio.c:442:9:BSP_AUDIO_OUT_Pause	8	static
C:/Users/matte/STM32Cube/Repository/STM32Cube_FW_L4_V1.18.2/Drivers/BSP/STM32L4R9I-Discovery/stm32l4r9i_discovery_audio.c:467:9:BSP_AUDIO_OUT_Resume	8	static
C:/Users/matte/STM32Cube/Repository/STM32Cube_FW_L4_V1.18.2/Drivers/BSP/STM32L4R9I-Discovery/stm32l4r9i_discovery_audio.c:493:9:BSP_AUDIO_OUT_Stop	16	static
C:/Users/matte/STM32Cube/Repository/STM32Cube_FW_L4_V1.18.2/Drivers/BSP/STM32L4R9I-Discovery/stm32l4r9i_discovery_audio.c:522:9:BSP_AUDIO_OUT_SetVolume	16	static
C:/Users/matte/STM32Cube/Repository/STM32Cube_FW_L4_V1.18.2/Drivers/BSP/STM32L4R9I-Discovery/stm32l4r9i_discovery_audio.c:541:9:BSP_AUDIO_OUT_SetMute	16	static
C:/Users/matte/STM32Cube/Repository/STM32Cube_FW_L4_V1.18.2/Drivers/BSP/STM32L4R9I-Discovery/stm32l4r9i_discovery_audio.c:559:9:BSP_AUDIO_OUT_SetOutputMode	16	static
C:/Users/matte/STM32Cube/Repository/STM32Cube_FW_L4_V1.18.2/Drivers/BSP/STM32L4R9I-Discovery/stm32l4r9i_discovery_audio.c:578:9:BSP_AUDIO_OUT_SetFrequency	24	static
C:/Users/matte/STM32Cube/Repository/STM32Cube_FW_L4_V1.18.2/Drivers/BSP/STM32L4R9I-Discovery/stm32l4r9i_discovery_audio.c:619:6:BSP_AUDIO_OUT_ChangeAudioConfig	24	static
C:/Users/matte/STM32Cube/Repository/STM32Cube_FW_L4_V1.18.2/Drivers/BSP/STM32L4R9I-Discovery/stm32l4r9i_discovery_audio.c:685:6:BSP_AUDIO_OUT_RegisterCallbacks	24	static
C:/Users/matte/STM32Cube/Repository/STM32Cube_FW_L4_V1.18.2/Drivers/BSP/STM32L4R9I-Discovery/stm32l4r9i_discovery_audio.c:699:6:HAL_SAI_TxCpltCallback	16	static
C:/Users/matte/STM32Cube/Repository/STM32Cube_FW_L4_V1.18.2/Drivers/BSP/STM32L4R9I-Discovery/stm32l4r9i_discovery_audio.c:713:6:HAL_SAI_TxHalfCpltCallback	16	static
C:/Users/matte/STM32Cube/Repository/STM32Cube_FW_L4_V1.18.2/Drivers/BSP/STM32L4R9I-Discovery/stm32l4r9i_discovery_audio.c:727:6:HAL_SAI_ErrorCallback	16	static
C:/Users/matte/STM32Cube/Repository/STM32Cube_FW_L4_V1.18.2/Drivers/BSP/STM32L4R9I-Discovery/stm32l4r9i_discovery_audio.c:758:9:BSP_AUDIO_IN_Init	24	static
C:/Users/matte/STM32Cube/Repository/STM32Cube_FW_L4_V1.18.2/Drivers/BSP/STM32L4R9I-Discovery/stm32l4r9i_discovery_audio.c:772:9:BSP_AUDIO_IN_InitEx	32	static
C:/Users/matte/STM32Cube/Repository/STM32Cube_FW_L4_V1.18.2/Drivers/BSP/STM32L4R9I-Discovery/stm32l4r9i_discovery_audio.c:857:9:BSP_AUDIO_IN_DeInit	16	static
C:/Users/matte/STM32Cube/Repository/STM32Cube_FW_L4_V1.18.2/Drivers/BSP/STM32L4R9I-Discovery/stm32l4r9i_discovery_audio.c:916:9:BSP_AUDIO_IN_Record	16	static
C:/Users/matte/STM32Cube/Repository/STM32Cube_FW_L4_V1.18.2/Drivers/BSP/STM32L4R9I-Discovery/stm32l4r9i_discovery_audio.c:999:9:BSP_AUDIO_IN_SetFrequency	24	static
C:/Users/matte/STM32Cube/Repository/STM32Cube_FW_L4_V1.18.2/Drivers/BSP/STM32L4R9I-Discovery/stm32l4r9i_discovery_audio.c:1056:6:HAL_DFSDM_FilterRegConvCpltCallback	24	static
C:/Users/matte/STM32Cube/Repository/STM32Cube_FW_L4_V1.18.2/Drivers/BSP/STM32L4R9I-Discovery/stm32l4r9i_discovery_audio.c:1116:6:HAL_DFSDM_FilterRegConvHalfCpltCallback	24	static
C:/Users/matte/STM32Cube/Repository/STM32Cube_FW_L4_V1.18.2/Drivers/BSP/STM32L4R9I-Discovery/stm32l4r9i_discovery_audio.c:1177:6:HAL_DFSDM_FilterErrorCallback	16	static
C:/Users/matte/STM32Cube/Repository/STM32Cube_FW_L4_V1.18.2/Drivers/BSP/STM32L4R9I-Discovery/stm32l4r9i_discovery_audio.c:1191:6:HAL_SAI_RxCpltCallback	16	static
C:/Users/matte/STM32Cube/Repository/STM32Cube_FW_L4_V1.18.2/Drivers/BSP/STM32L4R9I-Discovery/stm32l4r9i_discovery_audio.c:1205:6:HAL_SAI_RxHalfCpltCallback	16	static
C:/Users/matte/STM32Cube/Repository/STM32Cube_FW_L4_V1.18.2/Drivers/BSP/STM32L4R9I-Discovery/stm32l4r9i_discovery_audio.c:1218:9:BSP_AUDIO_IN_Stop	8	static
C:/Users/matte/STM32Cube/Repository/STM32Cube_FW_L4_V1.18.2/Drivers/BSP/STM32L4R9I-Discovery/stm32l4r9i_discovery_audio.c:1283:9:BSP_AUDIO_IN_Pause	8	static
C:/Users/matte/STM32Cube/Repository/STM32Cube_FW_L4_V1.18.2/Drivers/BSP/STM32L4R9I-Discovery/stm32l4r9i_discovery_audio.c:1320:9:BSP_AUDIO_IN_Resume	8	static
C:/Users/matte/STM32Cube/Repository/STM32Cube_FW_L4_V1.18.2/Drivers/BSP/STM32L4R9I-Discovery/stm32l4r9i_discovery_audio.c:1365:6:BSP_AUDIO_IN_RegisterCallbacks	24	static
C:/Users/matte/STM32Cube/Repository/STM32Cube_FW_L4_V1.18.2/Drivers/BSP/STM32L4R9I-Discovery/stm32l4r9i_discovery_audio.c:1387:16:AUDIO_SAIx_Init	24	static
C:/Users/matte/STM32Cube/Repository/STM32Cube_FW_L4_V1.18.2/Drivers/BSP/STM32L4R9I-Discovery/stm32l4r9i_discovery_audio.c:1516:16:AUDIO_SAIx_DeInit	8	static
C:/Users/matte/STM32Cube/Repository/STM32Cube_FW_L4_V1.18.2/Drivers/BSP/STM32L4R9I-Discovery/stm32l4r9i_discovery_audio.c:1540:6:HAL_SAI_MspInit	72	static
C:/Users/matte/STM32Cube/Repository/STM32Cube_FW_L4_V1.18.2/Drivers/BSP/STM32L4R9I-Discovery/stm32l4r9i_discovery_audio.c:1627:6:HAL_SAI_MspDeInit	16	static
C:/Users/matte/STM32Cube/Repository/STM32Cube_FW_L4_V1.18.2/Drivers/BSP/STM32L4R9I-Discovery/stm32l4r9i_discovery_audio.c:1679:16:AUDIO_DFSDMx_Init	16	static
C:/Users/matte/STM32Cube/Repository/STM32Cube_FW_L4_V1.18.2/Drivers/BSP/STM32L4R9I-Discovery/stm32l4r9i_discovery_audio.c:1811:16:AUDIO_DFSDMx_DeInit	8	static
C:/Users/matte/STM32Cube/Repository/STM32Cube_FW_L4_V1.18.2/Drivers/BSP/STM32L4R9I-Discovery/stm32l4r9i_discovery_audio.c:1857:6:HAL_DFSDM_ChannelMspInit	56	static
C:/Users/matte/STM32Cube/Repository/STM32Cube_FW_L4_V1.18.2/Drivers/BSP/STM32L4R9I-Discovery/stm32l4r9i_discovery_audio.c:1895:6:HAL_DFSDM_ChannelMspDeInit	16	static
C:/Users/matte/STM32Cube/Repository/STM32Cube_FW_L4_V1.18.2/Drivers/BSP/STM32L4R9I-Discovery/stm32l4r9i_discovery_audio.c:1918:6:HAL_DFSDM_FilterMspInit	32	static
C:/Users/matte/STM32Cube/Repository/STM32Cube_FW_L4_V1.18.2/Drivers/BSP/STM32L4R9I-Discovery/stm32l4r9i_discovery_audio.c:1990:6:HAL_DFSDM_FilterMspDeInit	16	static
C:/Users/matte/STM32Cube/Repository/STM32Cube_FW_L4_V1.18.2/Drivers/BSP/STM32L4R9I-Discovery/stm32l4r9i_discovery_audio.c:2018:16:AUDIO_SAIPLLConfig	176	static
