C:/Users/matte/STM32Cube/Repository/STM32Cube_FW_L4_V1.18.2/Drivers/BSP/STM32L4R9I-Discovery/stm32l4r9i_discovery.c:183:13:BSP_ErrorHandler	4	static
C:/Users/matte/STM32Cube/Repository/STM32Cube_FW_L4_V1.18.2/Drivers/BSP/STM32L4R9I-Discovery/stm32l4r9i_discovery.c:192:10:BSP_GetVersion	4	static
C:/Users/matte/STM32Cube/Repository/STM32Cube_FW_L4_V1.18.2/Drivers/BSP/STM32L4R9I-Discovery/stm32l4r9i_discovery.c:205:6:BSP_LED_Init	40	static
C:/Users/matte/STM32Cube/Repository/STM32Cube_FW_L4_V1.18.2/Drivers/BSP/STM32L4R9I-Discovery/stm32l4r9i_discovery.c:249:6:BSP_LED_DeInit	24	static
C:/Users/matte/STM32Cube/Repository/STM32Cube_FW_L4_V1.18.2/Drivers/BSP/STM32L4R9I-Discovery/stm32l4r9i_discovery.c:269:6:BSP_LED_On	16	static
C:/Users/matte/STM32Cube/Repository/STM32Cube_FW_L4_V1.18.2/Drivers/BSP/STM32L4R9I-Discovery/stm32l4r9i_discovery.c:289:6:BSP_LED_Off	16	static
C:/Users/matte/STM32Cube/Repository/STM32Cube_FW_L4_V1.18.2/Drivers/BSP/STM32L4R9I-Discovery/stm32l4r9i_discovery.c:309:6:BSP_LED_Toggle	16	static
C:/Users/matte/STM32Cube/Repository/STM32Cube_FW_L4_V1.18.2/Drivers/BSP/STM32L4R9I-Discovery/stm32l4r9i_discovery.c:330:9:BSP_JOY_Init	48	static
C:/Users/matte/STM32Cube/Repository/STM32Cube_FW_L4_V1.18.2/Drivers/BSP/STM32L4R9I-Discovery/stm32l4r9i_discovery.c:377:6:BSP_JOY_DeInit	16	static
C:/Users/matte/STM32Cube/Repository/STM32Cube_FW_L4_V1.18.2/Drivers/BSP/STM32L4R9I-Discovery/stm32l4r9i_discovery.c:397:18:BSP_JOY_GetState	16	static
C:/Users/matte/STM32Cube/Repository/STM32Cube_FW_L4_V1.18.2/Drivers/BSP/STM32L4R9I-Discovery/stm32l4r9i_discovery.c:439:6:BSP_COM_Init	48	static
C:/Users/matte/STM32Cube/Repository/STM32Cube_FW_L4_V1.18.2/Drivers/BSP/STM32L4R9I-Discovery/stm32l4r9i_discovery.c:477:6:BSP_COM_DeInit	16	static
C:/Users/matte/STM32Cube/Repository/STM32Cube_FW_L4_V1.18.2/Drivers/BSP/STM32L4R9I-Discovery/stm32l4r9i_discovery.c:512:13:I2C1_Init	16	static
C:/Users/matte/STM32Cube/Repository/STM32Cube_FW_L4_V1.18.2/Drivers/BSP/STM32L4R9I-Discovery/stm32l4r9i_discovery.c:544:13:I2C1_MspInit	208	static
C:/Users/matte/STM32Cube/Repository/STM32Cube_FW_L4_V1.18.2/Drivers/BSP/STM32L4R9I-Discovery/stm32l4r9i_discovery.c:596:6:I2C1_DeInit	16	static
C:/Users/matte/STM32Cube/Repository/STM32Cube_FW_L4_V1.18.2/Drivers/BSP/STM32L4R9I-Discovery/stm32l4r9i_discovery.c:619:13:I2C1_MspDeInit	32	static
C:/Users/matte/STM32Cube/Repository/STM32Cube_FW_L4_V1.18.2/Drivers/BSP/STM32L4R9I-Discovery/stm32l4r9i_discovery.c:657:13:I2C1_WriteData	48	static
C:/Users/matte/STM32Cube/Repository/STM32Cube_FW_L4_V1.18.2/Drivers/BSP/STM32L4R9I-Discovery/stm32l4r9i_discovery.c:690:26:I2C1_WriteBuffer	48	static
C:/Users/matte/STM32Cube/Repository/STM32Cube_FW_L4_V1.18.2/Drivers/BSP/STM32L4R9I-Discovery/stm32l4r9i_discovery.c:723:16:I2C1_ReadData	40	static
C:/Users/matte/STM32Cube/Repository/STM32Cube_FW_L4_V1.18.2/Drivers/BSP/STM32L4R9I-Discovery/stm32l4r9i_discovery.c:757:16:I2C1_isDeviceReady	24	static
C:/Users/matte/STM32Cube/Repository/STM32Cube_FW_L4_V1.18.2/Drivers/BSP/STM32L4R9I-Discovery/stm32l4r9i_discovery.c:792:26:I2C1_ReadBuffer	48	static
C:/Users/matte/STM32Cube/Repository/STM32Cube_FW_L4_V1.18.2/Drivers/BSP/STM32L4R9I-Discovery/stm32l4r9i_discovery.c:822:13:I2C1_Error	16	static
C:/Users/matte/STM32Cube/Repository/STM32Cube_FW_L4_V1.18.2/Drivers/BSP/STM32L4R9I-Discovery/stm32l4r9i_discovery.c:845:26:I2C1_ReadMultiple	48	static
C:/Users/matte/STM32Cube/Repository/STM32Cube_FW_L4_V1.18.2/Drivers/BSP/STM32L4R9I-Discovery/stm32l4r9i_discovery.c:883:26:I2C1_WriteMultiple	48	static
C:/Users/matte/STM32Cube/Repository/STM32Cube_FW_L4_V1.18.2/Drivers/BSP/STM32L4R9I-Discovery/stm32l4r9i_discovery.c:923:6:MFX_IO_Init	8	static
C:/Users/matte/STM32Cube/Repository/STM32Cube_FW_L4_V1.18.2/Drivers/BSP/STM32L4R9I-Discovery/stm32l4r9i_discovery.c:938:6:MFX_IO_DeInit	40	static
C:/Users/matte/STM32Cube/Repository/STM32Cube_FW_L4_V1.18.2/Drivers/BSP/STM32L4R9I-Discovery/stm32l4r9i_discovery.c:965:6:MFX_IO_ITConfig	32	static
C:/Users/matte/STM32Cube/Repository/STM32Cube_FW_L4_V1.18.2/Drivers/BSP/STM32L4R9I-Discovery/stm32l4r9i_discovery.c:988:6:MFX_IO_EnableWakeupPin	32	static
C:/Users/matte/STM32Cube/Repository/STM32Cube_FW_L4_V1.18.2/Drivers/BSP/STM32L4R9I-Discovery/stm32l4r9i_discovery.c:1007:6:MFX_IO_Wakeup	8	static
C:/Users/matte/STM32Cube/Repository/STM32Cube_FW_L4_V1.18.2/Drivers/BSP/STM32L4R9I-Discovery/stm32l4r9i_discovery.c:1026:6:MFX_IO_Write	16	static
C:/Users/matte/STM32Cube/Repository/STM32Cube_FW_L4_V1.18.2/Drivers/BSP/STM32L4R9I-Discovery/stm32l4r9i_discovery.c:1037:9:MFX_IO_Read	16	static
C:/Users/matte/STM32Cube/Repository/STM32Cube_FW_L4_V1.18.2/Drivers/BSP/STM32L4R9I-Discovery/stm32l4r9i_discovery.c:1050:10:MFX_IO_ReadMultiple	32	static
C:/Users/matte/STM32Cube/Repository/STM32Cube_FW_L4_V1.18.2/Drivers/BSP/STM32L4R9I-Discovery/stm32l4r9i_discovery.c:1063:6:MFX_IO_WriteMultiple	32	static
C:/Users/matte/STM32Cube/Repository/STM32Cube_FW_L4_V1.18.2/Drivers/BSP/STM32L4R9I-Discovery/stm32l4r9i_discovery.c:1073:6:MFX_IO_Delay	16	static
C:/Users/matte/STM32Cube/Repository/STM32Cube_FW_L4_V1.18.2/Drivers/BSP/STM32L4R9I-Discovery/stm32l4r9i_discovery.c:1084:6:AUDIO_IO_Init	16	static
C:/Users/matte/STM32Cube/Repository/STM32Cube_FW_L4_V1.18.2/Drivers/BSP/STM32L4R9I-Discovery/stm32l4r9i_discovery.c:1123:6:AUDIO_IO_DeInit	16	static
C:/Users/matte/STM32Cube/Repository/STM32Cube_FW_L4_V1.18.2/Drivers/BSP/STM32L4R9I-Discovery/stm32l4r9i_discovery.c:1160:6:AUDIO_IO_Write	24	static
C:/Users/matte/STM32Cube/Repository/STM32Cube_FW_L4_V1.18.2/Drivers/BSP/STM32L4R9I-Discovery/stm32l4r9i_discovery.c:1171:9:AUDIO_IO_Read	32	static
C:/Users/matte/STM32Cube/Repository/STM32Cube_FW_L4_V1.18.2/Drivers/BSP/STM32L4R9I-Discovery/stm32l4r9i_discovery.c:1185:6:AUDIO_IO_Delay	16	static
C:/Users/matte/STM32Cube/Repository/STM32Cube_FW_L4_V1.18.2/Drivers/BSP/STM32L4R9I-Discovery/stm32l4r9i_discovery.c:1199:6:TS_IO_Init	8	static
C:/Users/matte/STM32Cube/Repository/STM32Cube_FW_L4_V1.18.2/Drivers/BSP/STM32L4R9I-Discovery/stm32l4r9i_discovery.c:1211:6:TS_IO_Write	24	static
C:/Users/matte/STM32Cube/Repository/STM32Cube_FW_L4_V1.18.2/Drivers/BSP/STM32L4R9I-Discovery/stm32l4r9i_discovery.c:1222:9:TS_IO_Read	16	static
C:/Users/matte/STM32Cube/Repository/STM32Cube_FW_L4_V1.18.2/Drivers/BSP/STM32L4R9I-Discovery/stm32l4r9i_discovery.c:1236:10:TS_IO_ReadMultiple	24	static
C:/Users/matte/STM32Cube/Repository/STM32Cube_FW_L4_V1.18.2/Drivers/BSP/STM32L4R9I-Discovery/stm32l4r9i_discovery.c:1250:6:TS_IO_WriteMultiple	24	static
C:/Users/matte/STM32Cube/Repository/STM32Cube_FW_L4_V1.18.2/Drivers/BSP/STM32L4R9I-Discovery/stm32l4r9i_discovery.c:1260:6:TS_IO_Delay	16	static
C:/Users/matte/STM32Cube/Repository/STM32Cube_FW_L4_V1.18.2/Drivers/BSP/STM32L4R9I-Discovery/stm32l4r9i_discovery.c:1271:6:CAMERA_IO_Init	8	static
C:/Users/matte/STM32Cube/Repository/STM32Cube_FW_L4_V1.18.2/Drivers/BSP/STM32L4R9I-Discovery/stm32l4r9i_discovery.c:1283:6:CAMERA_IO_Write	24	static
C:/Users/matte/STM32Cube/Repository/STM32Cube_FW_L4_V1.18.2/Drivers/BSP/STM32L4R9I-Discovery/stm32l4r9i_discovery.c:1294:9:CAMERA_IO_Read	32	static
C:/Users/matte/STM32Cube/Repository/STM32Cube_FW_L4_V1.18.2/Drivers/BSP/STM32L4R9I-Discovery/stm32l4r9i_discovery.c:1308:6:CAMERA_Delay	16	static
